// This file is auto-generated by @hey-api/openapi-ts

import { createClient, createConfig, type Options } from '@hey-api/client-fetch';
import { type ParentModelWithDatesError, type ParentModelWithDatesResponse, type ModelWithDatesError, type ModelWithDatesResponse, type ModelWithDatesArrayError, type ModelWithDatesArrayResponse, type ArrayOfDatesError, type ArrayOfDatesResponse, type DateError, type DateResponse, type MultipleResponsesError, type MultipleResponsesResponse, type PostTestData, type PostTestError, type PostTestResponse, ParentModelWithDatesResponseTransformer, ModelWithDatesResponseTransformer, ModelWithDatesArrayResponseTransformer } from './types.gen';

export const client = createClient(createConfig());

export class DefaultService {
    public static parentModelWithDates<ThrowOnError extends boolean = false>(options?: Options<unknown, ThrowOnError>) {
        return (options?.client ?? client).post<ParentModelWithDatesResponse, ParentModelWithDatesError, ThrowOnError>({
            ...options,
            url: '/api/model-with-dates',
            responseTransformer: ParentModelWithDatesResponseTransformer
        });
    }
    
    public static modelWithDates<ThrowOnError extends boolean = false>(options?: Options<unknown, ThrowOnError>) {
        return (options?.client ?? client).put<ModelWithDatesResponse, ModelWithDatesError, ThrowOnError>({
            ...options,
            url: '/api/model-with-dates',
            responseTransformer: ModelWithDatesResponseTransformer
        });
    }
    
    public static modelWithDatesArray<ThrowOnError extends boolean = false>(options?: Options<unknown, ThrowOnError>) {
        return (options?.client ?? client).put<ModelWithDatesArrayResponse, ModelWithDatesArrayError, ThrowOnError>({
            ...options,
            url: '/api/model-with-dates-array',
            responseTransformer: ModelWithDatesArrayResponseTransformer
        });
    }
    
    public static arrayOfDates<ThrowOnError extends boolean = false>(options?: Options<unknown, ThrowOnError>) {
        return (options?.client ?? client).put<ArrayOfDatesResponse, ArrayOfDatesError, ThrowOnError>({
            ...options,
            url: '/api/array-of-dates'
        });
    }
    
    public static date<ThrowOnError extends boolean = false>(options?: Options<unknown, ThrowOnError>) {
        return (options?.client ?? client).put<DateResponse, DateError, ThrowOnError>({
            ...options,
            url: '/api/date'
        });
    }
    
    public static multipleResponses<ThrowOnError extends boolean = false>(options?: Options<unknown, ThrowOnError>) {
        return (options?.client ?? client).put<MultipleResponsesResponse, MultipleResponsesError, ThrowOnError>({
            ...options,
            url: '/api/multiple-responses'
        });
    }
    
    public static postTest<ThrowOnError extends boolean = false>(options?: Options<PostTestData, ThrowOnError>) {
        return (options?.client ?? client).post<PostTestResponse, PostTestError, ThrowOnError>({
            ...options,
            url: '/test'
        });
    }
    
}