/**
 * generated using openapi-ts -- do no edit
 */
export const $DictionaryWithProperties = {
    type: 'dictionary',
    contains: {
        properties: {
            foo: {
                type: 'string',
            },
            bar: {
                type: 'string',
            },
        },
    },
} as const;
