/**
 * generated using openapi-ts -- do no edit
 */
export const $Enum1 = {
    type: 'Enum',
} as const;
