/**
 * generated using openapi-ts -- do no edit
 */
export const $ModelWithConst = {
    properties: {
        String: {
            type: '"String"',
        },
        number: {
            type: '0',
        },
        null: {
            type: 'null',
        },
        withType: {
            type: '"Some string"',
        },
    },
} as const;
