/**
 * generated using openapi-ts -- do no edit
 */
export const $ModelWithNestedArrayEnumsDataFoo = {
    type: 'Enum',
} as const;
