/**
 * generated using openapi-ts -- do no edit
 */
export const $ModelWithCircularReference = {
    description: `This is a model with one property containing a circular reference`,
    properties: {
        prop: {
            type: 'ModelWithCircularReference',
        },
    },
} as const;
