/**
 * generated using openapi-ts -- do no edit
 */
export const $ModelWithDictionary = {
    description: `This is a model with one property containing a dictionary`,
    properties: {
        prop: {
            type: 'dictionary',
            contains: {
                type: 'string',
            },
        },
    },
} as const;
