/**
 * generated using openapi-ts -- do no edit
 */
export { $_default } from './$_default';
export { $AnyOfAnyAndNull } from './$AnyOfAnyAndNull';
export { $AnyOfArrays } from './$AnyOfArrays';
export { $ArrayWithAnyOfProperties } from './$ArrayWithAnyOfProperties';
export { $ArrayWithArray } from './$ArrayWithArray';
export { $ArrayWithBooleans } from './$ArrayWithBooleans';
export { $ArrayWithNumbers } from './$ArrayWithNumbers';
export { $ArrayWithProperties } from './$ArrayWithProperties';
export { $ArrayWithReferences } from './$ArrayWithReferences';
export { $ArrayWithStrings } from './$ArrayWithStrings';
export { $CommentWithBackticks } from './$CommentWithBackticks';
export { $CommentWithBreaks } from './$CommentWithBreaks';
export { $CommentWithExpressionPlaceholders } from './$CommentWithExpressionPlaceholders';
export { $CommentWithQuotes } from './$CommentWithQuotes';
export { $CommentWithReservedCharacters } from './$CommentWithReservedCharacters';
export { $CommentWithSlashes } from './$CommentWithSlashes';
export { $CompositionBaseModel } from './$CompositionBaseModel';
export { $CompositionExtendedModel } from './$CompositionExtendedModel';
export { $CompositionWithAllOfAndNullable } from './$CompositionWithAllOfAndNullable';
export { $CompositionWithAnyOf } from './$CompositionWithAnyOf';
export { $CompositionWithAnyOfAndNullable } from './$CompositionWithAnyOfAndNullable';
export { $CompositionWithAnyOfAnonymous } from './$CompositionWithAnyOfAnonymous';
export { $CompositionWithNestedAnyAndTypeNull } from './$CompositionWithNestedAnyAndTypeNull';
export { $CompositionWithNestedAnyOfAndNull } from './$CompositionWithNestedAnyOfAndNull';
export { $CompositionWithOneOf } from './$CompositionWithOneOf';
export { $CompositionWithOneOfAndComplexArrayDictionary } from './$CompositionWithOneOfAndComplexArrayDictionary';
export { $CompositionWithOneOfAndNullable } from './$CompositionWithOneOfAndNullable';
export { $CompositionWithOneOfAndProperties } from './$CompositionWithOneOfAndProperties';
export { $CompositionWithOneOfAndSimpleArrayDictionary } from './$CompositionWithOneOfAndSimpleArrayDictionary';
export { $CompositionWithOneOfAndSimpleDictionary } from './$CompositionWithOneOfAndSimpleDictionary';
export { $CompositionWithOneOfAnonymous } from './$CompositionWithOneOfAnonymous';
export { $CompositionWithOneOfDiscriminator } from './$CompositionWithOneOfDiscriminator';
export { $ConstValue } from './$ConstValue';
export { $DeprecatedModel } from './$DeprecatedModel';
export { $DictionaryWithArray } from './$DictionaryWithArray';
export { $DictionaryWithDictionary } from './$DictionaryWithDictionary';
export { $DictionaryWithProperties } from './$DictionaryWithProperties';
export { $DictionaryWithReference } from './$DictionaryWithReference';
export { $DictionaryWithString } from './$DictionaryWithString';
export { $Enum1 } from './$Enum1';
export { $EnumFromDescription } from './$EnumFromDescription';
export { $EnumWithExtensions } from './$EnumWithExtensions';
export { $EnumWithNumbers } from './$EnumWithNumbers';
export { $EnumWithReplacedCharacters } from './$EnumWithReplacedCharacters';
export { $EnumWithStrings } from './$EnumWithStrings';
export { $File } from './$File';
export { $FreeFormObjectWithAdditionalPropertiesEqEmptyObject } from './$FreeFormObjectWithAdditionalPropertiesEqEmptyObject';
export { $FreeFormObjectWithAdditionalPropertiesEqTrue } from './$FreeFormObjectWithAdditionalPropertiesEqTrue';
export { $FreeFormObjectWithoutAdditionalProperties } from './$FreeFormObjectWithoutAdditionalProperties';
export { $ModelCircle } from './$ModelCircle';
export { $ModelSquare } from './$ModelSquare';
export { $ModelThatExtends } from './$ModelThatExtends';
export { $ModelThatExtendsExtends } from './$ModelThatExtendsExtends';
export { $ModelWithAdditionalPropertiesEqTrue } from './$ModelWithAdditionalPropertiesEqTrue';
export { $ModelWithArray } from './$ModelWithArray';
export { $ModelWithArrayReadOnlyAndWriteOnly } from './$ModelWithArrayReadOnlyAndWriteOnly';
export { $ModelWithBoolean } from './$ModelWithBoolean';
export { $ModelWithCircularReference } from './$ModelWithCircularReference';
export { $ModelWithConst } from './$ModelWithConst';
export { $ModelWithDictionary } from './$ModelWithDictionary';
export { $ModelWithDuplicateImports } from './$ModelWithDuplicateImports';
export { $ModelWithDuplicateProperties } from './$ModelWithDuplicateProperties';
export { $ModelWithEnum } from './$ModelWithEnum';
export { $ModelWithEnumFromDescription } from './$ModelWithEnumFromDescription';
export { $ModelWithEnumWithHyphen } from './$ModelWithEnumWithHyphen';
export { $ModelWithInteger } from './$ModelWithInteger';
export { $ModelWithNestedArrayEnums } from './$ModelWithNestedArrayEnums';
export { $ModelWithNestedArrayEnumsData } from './$ModelWithNestedArrayEnumsData';
export { $ModelWithNestedArrayEnumsDataBar } from './$ModelWithNestedArrayEnumsDataBar';
export { $ModelWithNestedArrayEnumsDataFoo } from './$ModelWithNestedArrayEnumsDataFoo';
export { $ModelWithNestedCompositionEnums } from './$ModelWithNestedCompositionEnums';
export { $ModelWithNestedEnums } from './$ModelWithNestedEnums';
export { $ModelWithNestedProperties } from './$ModelWithNestedProperties';
export { $ModelWithNullableObject } from './$ModelWithNullableObject';
export { $ModelWithNullableString } from './$ModelWithNullableString';
export { $ModelWithOneOfEnum } from './$ModelWithOneOfEnum';
export { $ModelWithOrderedProperties } from './$ModelWithOrderedProperties';
export { $ModelWithPattern } from './$ModelWithPattern';
export { $ModelWithProperties } from './$ModelWithProperties';
export { $ModelWithReadOnlyAndWriteOnly } from './$ModelWithReadOnlyAndWriteOnly';
export { $ModelWithReference } from './$ModelWithReference';
export { $ModelWithString } from './$ModelWithString';
export { $NestedAnyOfArraysNullable } from './$NestedAnyOfArraysNullable';
export { $NonAsciiStringæøåÆØÅöôêÊ字符串 } from './$NonAsciiStringæøåÆØÅöôêÊ字符串';
export { $NullableObject } from './$NullableObject';
export { $Pageable } from './$Pageable';
export { $SimpleBoolean } from './$SimpleBoolean';
export { $SimpleFile } from './$SimpleFile';
export { $SimpleInteger } from './$SimpleInteger';
export { $SimpleParameter } from './$SimpleParameter';
export { $SimpleReference } from './$SimpleReference';
export { $SimpleString } from './$SimpleString';
export { $SimpleStringWithPattern } from './$SimpleStringWithPattern';
