/**
 * generated using openapi-ts -- do no edit
 */

/**
 * This is a simple array with any of properties
 */
export type AnyOfArrays = {
    results?: Array<
        | {
              foo?: string;
          }
        | {
              bar?: string;
          }
    >;
};
