/**
 * generated using openapi-ts -- do no edit
 */

/**
 * Testing expression placeholders in string: ${expression} should work
 */
export type CommentWithExpressionPlaceholders = number;
