/**
 * generated using openapi-ts -- do no edit
 */

/**
 * Testing slashes in string: \backwards\\\ and /forwards/// should work
 */
export type CommentWithSlashes = number;
