/**
 * generated using openapi-ts -- do no edit
 */

/**
 * Testing multiline comments in string: First line
 * Second line
 *
 * Fourth line
 */
export type CommentWithBreaks = number;
