/**
 * generated using openapi-ts -- do no edit
 */

/**
 * This is a simple enum with numbers
 */
export type EnumWithNumbers = 1 | 2 | 3 | 1.1 | 1.2 | 1.3 | 100 | 200 | 300 | -100 | -200 | -300 | -1.1 | -1.2 | -1.3;
