/**
 * generated using openapi-ts -- do no edit
 */

export type Enum1 = 'Bird' | 'Dog';
