/**
 * generated using openapi-ts -- do no edit
 */

/**
 * This is a model with one property containing a dictionary
 */
export type ModelWithDictionary = {
    prop?: Record<string, string>;
};
