/**
 * generated using openapi-ts -- do no edit
 */
import type { ModelWithString } from './ModelWithString';

/**
 * This is a model with duplicated properties
 */
export type ModelWithDuplicateProperties = {
    prop?: ModelWithString;
};
