/**
 * generated using openapi-ts -- do no edit
 */

export type ModelWithReadOnlyAndWriteOnly = {
    foo: string;
    readonly bar: string;
    baz: string;
};
