/**
 * generated using openapi-ts -- do no edit
 */

/**
 * This is a simple number
 */
export type SimpleInteger = number;
