/**
 * Testing expression placeholders in string: ${expression} should work
 */
export type CommentWithExpressionPlaceholders = number;
