/**
 * This is a string dictionary
 */
export type DictionaryWithString = Record<string, string>;
