/**
 * This is a free-form object with additionalProperties: true.
 */
export type FreeFormObjectWithAdditionalPropertiesEqTrue = Record<string, unknown>;
