/**
 * This is a free-form object with additionalProperties: {}.
 */
export type FreeFormObjectWithAdditionalPropertiesEqEmptyObject = Record<string, unknown>;
