export type ModelWithConst = {
    String?: 'String';
    number?: 0;
    null?: null;
    withType?: 'Some string';
};
