export type ModelWithOneOfEnum =
    | {
          foo: 'Bar';
      }
    | {
          foo: 'Baz';
      }
    | {
          foo: 'Qux';
      }
    | {
          content: string;
          foo: 'Quux';
      }
    | {
          content: [string, string];
          foo: 'Corge';
      };
