/**
 * This is a simple string
 */
export type SimpleString = string;
