export const $_default = {
    properties: {
        name: {
            type: 'string',
        },
    },
} as const;
