export const $EnumWithNumbers = {
    type: 'Enum',
} as const;
