export const $FreeFormObjectWithAdditionalPropertiesEqEmptyObject = {
    type: 'dictionary',
    contains: {
        properties: {},
    },
} as const;
