export const $ModelWithNestedArrayEnumsDataFoo = {
    type: 'Enum',
} as const;
