export const $ModelCircle = {
    description: `Circle`,
    properties: {
        kind: {
            type: 'string',
            isRequired: true,
        },
        radius: {
            type: 'number',
        },
    },
} as const;
