export const $SimpleParameter = {
    type: 'string',
    description: `This is a reusable parameter`,
} as const;
