export const $SimpleInteger = {
    type: 'number',
    description: `This is a simple number`,
} as const;
