/**
 * generated using openapi-ts -- do no edit
 */

import type { CancelablePromise } from '../core/CancelablePromise';
import { OpenAPI } from '../core/OpenAPI';
import { request as __request } from '../core/request';

export class DuplicateService {
    /**
     * @throws ApiError
     */
    public static duplicateName(): CancelablePromise<void> {
        return __request(OpenAPI, {
            method: 'GET',
            url: '/api/v{api-version}/duplicate',
        });
    }

    /**
     * @throws ApiError
     */
    public static duplicateName1(): CancelablePromise<void> {
        return __request(OpenAPI, {
            method: 'POST',
            url: '/api/v{api-version}/duplicate',
        });
    }

    /**
     * @throws ApiError
     */
    public static duplicateName2(): CancelablePromise<void> {
        return __request(OpenAPI, {
            method: 'PUT',
            url: '/api/v{api-version}/duplicate',
        });
    }

    /**
     * @throws ApiError
     */
    public static duplicateName3(): CancelablePromise<void> {
        return __request(OpenAPI, {
            method: 'DELETE',
            url: '/api/v{api-version}/duplicate',
        });
    }
}
