/**
 * generated using openapi-ts -- do no edit
 */

import type { CancelablePromise } from '../core/CancelablePromise';
import { OpenAPI } from '../core/OpenAPI';
import { request as __request } from '../core/request';

export class MultipleTags3Service {
    /**
     * @returns void Success
     * @throws ApiError
     */
    public static dummyB(): CancelablePromise<void> {
        return __request(OpenAPI, {
            method: 'GET',
            url: '/api/v{api-version}/multiple-tags/b',
        });
    }
}
